<?xml version="1.0" encoding="ISO-8859-1" standalone="no"?>
<testcase>
   <expectedValue_0><![CDATA[{"AIUN_OUTPUT":{"aiun_RtnxxVar":252},"INPUT":{"P_VAR1":21,"P_VAR2":12}}]]></expectedValue_0>
</testcase>
