<?xml version="1.0" encoding="ISO-8859-1" standalone="no"?>
<testcase>
   <expectedValue_0><![CDATA[{"INPUT":{"P_VAR1":12,"P_VAR2":12,"P_RESULT":24}}]]></expectedValue_0>
</testcase>
