<?xml version="1.0" encoding="ISO-8859-1" standalone="no"?>
<testcase>
   <expectedValue_0><![CDATA[{"INPUT":{"P_VAR1":5,"P_VAR2":5,"P_RESULT":10}}]]></expectedValue_0>
</testcase>
